MO finalcombined NULL finalcombined.vf vlg1B/finalcombined.bin 1423007753
MO newrom_MUSER_finalcombined NULL finalcombined.vf vlg1D/newrom___m_u_s_e_r__finalcombined.bin 1423007752
MO newrom_MUSER_finalfinal NULL finalfinal.vf vlg26/newrom___m_u_s_e_r__finalfinal.bin 1423007753
MO finalfinal NULL finalfinal.vf vlg7C/finalfinal.bin 1423007753
MO newrom NULL newrom.vf vlg30/newrom.bin 1423007752
MO abc_MUSER_finalcombined NULL finalcombined.vf vlg53/abc___m_u_s_e_r__finalcombined.bin 1423007753
MO abc_MUSER_finalfinal NULL finalfinal.vf vlg14/abc___m_u_s_e_r__finalfinal.bin 1423007753
MO abc NULL abc.vf vlg46/abc.bin 1423007752
MO finalcombined_MUSER_finalfinal NULL finalfinal.vf vlg7D/finalcombined___m_u_s_e_r__finalfinal.bin 1423007753
